{
  "response": {
    "status": "ok"
  },
  "results": {
    "path": "/mediadb/services/module/asset/downloads/generated/2016/07/73/56bdc1d78//cool_conversion/cat3S.jpg"
  }
}